// Jest Snapshot v1, https://goo.gl/fbAQLP

exports[`Dataset - Card View renders correctly 1`] = `
<ContextProvider
  value={null}
>
  <DatasetCardView
    addToCart={[Function]}
    cartItems={Array []}
    clearData={[Function]}
    data={Array []}
    fetchCount={[Function]}
    fetchData={[Function]}
    filters={Object {}}
    investigationId="1"
    loading={false}
    pushFilters={[Function]}
    pushPage={[Function]}
    pushResults={[Function]}
    pushSort={[Function]}
    query={
      Object {
        "page": null,
        "results": null,
        "search": null,
        "view": null,
      }
    }
    removeFromCart={[Function]}
    sort={Object {}}
    store={
      Object {
        "clearActions": [Function],
        "dispatch": [Function],
        "getActions": [Function],
        "getState": [Function],
        "replaceReducer": [Function],
        "subscribe": [Function],
      }
    }
    totalDataCount={0}
  />
</ContextProvider>
`;
