// Jest Snapshot v1, https://goo.gl/fbAQLP

exports[`Investigation - Card View renders correctly 1`] = `
<ContextProvider
  value={null}
>
  <InvestigationCardView
    addToCart={[Function]}
    cartItems={Array []}
    data={
      Array [
        Object {
          "FACILITY_ID": "2",
          "ID": 1,
          "NAME": "Test 1",
          "TITLE": "Test 1",
          "TYPE_ID": "2",
          "VISIT_ID": "1",
        },
      ]
    }
    fetchCount={[Function]}
    fetchData={[Function]}
    fetchFacilityFilter={[Function]}
    fetchTypeFilter={[Function]}
    filterData={Object {}}
    loadedCount={true}
    loadedData={true}
    pushFilters={[Function]}
    pushPage={[Function]}
    pushQuery={[Function]}
    query={
      Object {
        "filters": Object {},
        "page": null,
        "results": null,
        "search": null,
        "sort": Object {},
        "view": null,
      }
    }
    removeFromCart={[Function]}
    store={
      Object {
        "clearActions": [Function],
        "dispatch": [Function],
        "getActions": [Function],
        "getState": [Function],
        "replaceReducer": [Function],
        "subscribe": [Function],
      }
    }
    totalDataCount={1}
  />
</ContextProvider>
`;
