// Jest Snapshot v1, https://goo.gl/fbAQLP

exports[`PageContainer - Tests displays the correct entity count 1`] = `
<div
  className="MuiGrid-root WithStyles(ForwardRef(Grid))-root-1 MuiGrid-container"
>
  <WithStyles(ForwardRef(Grid))
    aria-label="container-breadcrumbs"
    item={true}
    xs={true}
  >
    <Route
      component={
        Object {
          "$$typeof": Symbol(react.memo),
          "WrappedComponent": [Function],
          "compare": null,
          "displayName": "Connect(TranslatedBreadcrumbs)",
          "type": [Function],
        }
      }
      path="/browse"
    />
  </WithStyles(ForwardRef(Grid))>
  <WithStyles(ForwardRef(Grid))
    aria-label="container-table-count"
    item={true}
    style={
      Object {
        "textAlign": "center",
      }
    }
    xs={2}
  >
    <WithStyles(ForwardRef(Paper))
      square={true}
      style={
        Object {
          "backgroundColor": "inherit",
          "display": "flex",
          "flexDirection": "column",
          "height": "100%",
          "justifyContent": "center",
        }
      }
    >
      <WithStyles(ForwardRef(Typography))
        component="h3"
        variant="h6"
      >
        <b>
          app.results
          :
        </b>
         
        101
      </WithStyles(ForwardRef(Typography))>
    </WithStyles(ForwardRef(Paper))>
  </WithStyles(ForwardRef(Grid))>
  <WithStyles(ForwardRef(Paper))
    square={true}
    style={
      Object {
        "backgroundColor": "inherit",
        "display": "flex",
      }
    }
  >
    <WithStyles(ForwardRef(IconButton))
      aria-label="container-table-search"
      onClick={[Function]}
      style={
        Object {
          "margin": "auto",
        }
      }
    >
      <SearchIcon />
    </WithStyles(ForwardRef(IconButton))>
  </WithStyles(ForwardRef(Paper))>
  <WithStyles(ForwardRef(Paper))
    square={true}
    style={
      Object {
        "backgroundColor": "inherit",
        "display": "flex",
      }
    }
  >
    <WithStyles(ForwardRef(IconButton))
      aria-label="container-table-cart"
      onClick={[Function]}
      style={
        Object {
          "margin": "auto",
        }
      }
    >
      <WithStyles(ForwardRef(Badge))
        aria-label="container-table-cart-badge"
        badgeContent={null}
        color="primary"
      >
        <ShoppingCartIcon />
      </WithStyles(ForwardRef(Badge))>
    </WithStyles(ForwardRef(IconButton))>
  </WithStyles(ForwardRef(Paper))>
  <WithStyles(ForwardRef(Grid))
    aria-label="container-table"
    item={true}
    xs={12}
  >
    <WithStyles(ForwardRef(Paper))
      square={true}
      style={
        Object {
          "backgroundColor": "inherit",
          "height": "calc(100vh - 112px)",
          "width": "100%",
        }
      }
    >
      <PageTable />
    </WithStyles(ForwardRef(Paper))>
  </WithStyles(ForwardRef(Grid))>
</div>
`;
