// Jest Snapshot v1, https://goo.gl/fbAQLP

exports[`PageHead - Tests displays the correct entity count 1`] = `
<div
  className="MuiGrid-root MuiGrid-container MuiGrid-spacing-xs-3"
>
  <WithStyles(ForwardRef(Grid))
    aria-label="head-breadcrumbs"
    item={true}
    xs={10}
  >
    <Connect(PageBreadcrumbs) />
  </WithStyles(ForwardRef(Grid))>
  <WithStyles(ForwardRef(Grid))
    aria-label="head-entity-count"
    item={true}
    style={
      Object {
        "paddingRight": "100px",
        "textAlign": "right",
      }
    }
    xs={2}
  >
    <b>
      Results:
    </b>
     
    101
  </WithStyles(ForwardRef(Grid))>
</div>
`;
