// Jest Snapshot v1, https://goo.gl/fbAQLP

exports[`PageContainer - Tests displays the correct entity count 1`] = `
<div
  className="MuiGrid-root MuiGrid-container"
>
  <WithStyles(ForwardRef(Grid))
    aria-label="container-breadcrumbs"
    item={true}
    xs={true}
  >
    <Route
      component={
        Object {
          "$$typeof": Symbol(react.memo),
          "WrappedComponent": [Function],
          "compare": null,
          "displayName": "Connect(PageBreadcrumbs)",
          "type": [Function],
        }
      }
      path="/browse"
    />
  </WithStyles(ForwardRef(Grid))>
  <WithStyles(ForwardRef(Grid))
    aria-label="container-table-count"
    item={true}
    style={
      Object {
        "textAlign": "center",
      }
    }
    xs={2}
  >
    <WithStyles(ForwardRef(Paper))
      square={true}
    >
      <WithStyles(ForwardRef(Typography))
        component="h3"
        variant="h6"
      >
        <b>
          Results:
        </b>
         
        101
      </WithStyles(ForwardRef(Typography))>
    </WithStyles(ForwardRef(Paper))>
  </WithStyles(ForwardRef(Grid))>
  <WithStyles(ForwardRef(Grid))
    aria-label="container-table"
    item={true}
    xs={12}
  >
    <WithStyles(ForwardRef(Paper))
      square={true}
      style={
        Object {
          "height": "calc(100vh - 95px)",
          "width": "100%",
        }
      }
    >
      <PageTable />
    </WithStyles(ForwardRef(Paper))>
  </WithStyles(ForwardRef(Grid))>
</div>
`;
