// Jest Snapshot v1, https://goo.gl/fbAQLP

exports[`PageContainer - Tests displays the correct entity count 1`] = `
<div
  className="MuiPaper-root MuiPaper-elevation0"
  style={
    Object {
      "backgroundColor": "inherit",
    }
  }
>
  <NavBar
    entityCount={101}
  />
  <WithStyles(WithStyles(ForwardRef(Grid)))
    container={true}
  >
    <WithStyles(ForwardRef(Grid))
      item={true}
      xs={12}
    >
      <Route
        exact={true}
        path={
          Array [
            "/browse/investigation",
            "/browse/investigation/:investigationId/dataset",
            "/browse/instrument",
            "/browse/instrument/:instrumentId/facilityCycle",
            "/browse/instrument/:instrumentId/facilityCycle/:facilityCycleId/investigation",
            "/browse/instrument/:instrumentId/facilityCycle/:facilityCycleId/investigation/:investigationId/dataset",
            "/browse/proposal",
            "/browse/proposal/:proposalName/investigation",
            "/browse/proposal/:proposalName/investigation/:investigationId/dataset",
          ]
        }
        render={[Function]}
      />
    </WithStyles(ForwardRef(Grid))>
    <Route
      path={
        Array [
          "/browse",
          "/my-data",
        ]
      }
      render={[Function]}
    />
    <WithStyles(ForwardRef(Grid))
      aria-label="container-table"
      item={true}
      xs={12}
    >
      <WithStyles(ForwardRef(Paper))
        square={true}
        style={
          Object {
            "backgroundColor": "inherit",
            "height": "calc(100vh - 95px)",
            "width": "100%",
          }
        }
      >
        <PageTable />
      </WithStyles(ForwardRef(Paper))>
    </WithStyles(ForwardRef(Grid))>
  </WithStyles(WithStyles(ForwardRef(Grid)))>
</div>
`;
