// Jest Snapshot v1, https://goo.gl/fbAQLP

exports[`DLS datafiles table component renders correctly 1`] = `
<WithStyles(VirtualizedTable)
  allIds={
    Array [
      1,
    ]
  }
  columns={
    Array [
      Object {
        "dataKey": "NAME",
        "filterComponent": [Function],
        "icon": <Memo(TitleIcon) />,
        "label": "datafiles.name",
      },
      Object {
        "dataKey": "LOCATION",
        "filterComponent": [Function],
        "icon": <Memo(ExploreIcon) />,
        "label": "datafiles.location",
      },
      Object {
        "cellContentRenderer": [Function],
        "dataKey": "FILESIZE",
        "filterComponent": [Function],
        "icon": <Memo(SaveIcon) />,
        "label": "datafiles.size",
      },
      Object {
        "dataKey": "CREATE_TIME",
        "filterComponent": [Function],
        "icon": <Memo(CalendarTodayIcon) />,
        "label": "datafiles.create_time",
      },
    ]
  }
  data={
    Array [
      Object {
        "CREATE_TIME": "2019-07-23",
        "DATASET_ID": 1,
        "FILESIZE": 1,
        "ID": 1,
        "LOCATION": "/test1",
        "NAME": "Test 1",
      },
    ]
  }
  detailsPanel={[Function]}
  loadMoreRows={[Function]}
  loading={false}
  onCheck={[Function]}
  onSort={[Function]}
  onUncheck={[Function]}
  selectedRows={Array []}
  sort={Object {}}
  totalRowCount={0}
/>
`;

exports[`DLS datafiles table component renders details panel correctly 1`] = `
<div>
  <WithStyles(ForwardRef(Typography))
    variant="body2"
  >
    <b>
      datafiles.name
      :
    </b>
     
    Test 1
  </WithStyles(ForwardRef(Typography))>
  <WithStyles(ForwardRef(Typography))
    variant="body2"
  >
    <b>
      datafiles.description
      :
    </b>
     
  </WithStyles(ForwardRef(Typography))>
  <WithStyles(ForwardRef(Typography))
    variant="body2"
  >
    <b>
      datafiles.size
      :
    </b>
     
    1 B
  </WithStyles(ForwardRef(Typography))>
  <WithStyles(ForwardRef(Typography))
    variant="body2"
  >
    <b>
      datafiles.location
      :
    </b>
     
    /test1
  </WithStyles(ForwardRef(Typography))>
</div>
`;
