// Jest Snapshot v1, https://goo.gl/fbAQLP

exports[`Dataset table component renders Dataset title as a link 1`] = `null`;

exports[`Dataset table component renders correctly 1`] = `
<WithStyles(VirtualizedTable)
  allIds={
    Array [
      1,
    ]
  }
  columns={
    Array [
      Object {
        "dataKey": "NAME",
        "filterComponent": [Function],
        "label": "Name",
      },
      Object {
        "dataKey": "DATAFILE_COUNT",
        "disableSort": true,
        "label": "Datafile Count",
      },
      Object {
        "dataKey": "CREATE_TIME",
        "filterComponent": [Function],
        "label": "Create Time",
      },
      Object {
        "dataKey": "MOD_TIME",
        "filterComponent": [Function],
        "label": "Modified Time",
      },
    ]
  }
  data={
    Array [
      Object {
        "CREATE_TIME": "2019-07-23",
        "ID": 1,
        "INVESTIGATION_ID": 1,
        "MOD_TIME": "2019-07-23",
        "NAME": "Test 1",
        "SIZE": 1,
      },
    ]
  }
  detailsPanel={[Function]}
  loadMoreRows={[Function]}
  loading={false}
  onCheck={[Function]}
  onSort={[Function]}
  onUncheck={[Function]}
  selectedRows={Array []}
  sort={Object {}}
  totalRowCount={0}
/>
`;

exports[`Dataset table component renders details panel correctly 1`] = `
<div>
  <WithStyles(ForwardRef(Typography))>
    <b>
      Name:
    </b>
     
    Test 1
  </WithStyles(ForwardRef(Typography))>
  <WithStyles(ForwardRef(Typography))>
    <b>
      Description:
    </b>
     
    Test 1
  </WithStyles(ForwardRef(Typography))>
</div>
`;
