// Jest Snapshot v1, https://goo.gl/fbAQLP

exports[`Investigation Search Table component renders correctly 1`] = `
<WithStyles(VirtualizedTable)
  allIds={
    Array [
      1,
    ]
  }
  columns={
    Array [
      Object {
        "cellContentRenderer": [Function],
        "dataKey": "TITLE",
        "filterComponent": [Function],
        "label": "Title",
      },
      Object {
        "dataKey": "VISIT_ID",
        "filterComponent": [Function],
        "label": "Visit ID",
      },
      Object {
        "dataKey": "NAME",
        "filterComponent": [Function],
        "label": "RB Number",
      },
      Object {
        "dataKey": "DOI",
        "filterComponent": [Function],
        "label": "DOI",
      },
      Object {
        "dataKey": "DATASET_COUNT",
        "disableSort": true,
        "label": "Dataset Count",
      },
      Object {
        "cellContentRenderer": [Function],
        "dataKey": "INVESTIGATIONINSTRUMENT.INSTRUMENT.FULLNAME",
        "filterComponent": [Function],
        "label": "Instrument",
      },
      Object {
        "cellContentRenderer": [Function],
        "dataKey": "STARTDATE",
        "filterComponent": [Function],
        "label": "Start Date",
      },
      Object {
        "cellContentRenderer": [Function],
        "dataKey": "ENDDATE",
        "filterComponent": [Function],
        "label": "End Date",
      },
    ]
  }
  data={
    Array [
      Object {
        "DOI": "doi 1",
        "ENDDATE": "2019-06-11",
        "ID": 1,
        "INVESTIGATIONINSTRUMENT": Array [
          Object {
            "ID": 1,
            "INSTRUMENT": Object {
              "ID": 3,
              "NAME": "LARMOR",
            },
            "INSTRUMENT_ID": 3,
            "INVESTIGATION_ID": 1,
          },
        ],
        "NAME": "Test 1",
        "RB_NUMBER": "1",
        "SIZE": 1,
        "STARTDATE": "2019-06-10",
        "STUDYINVESTIGATION": Array [
          Object {
            "ID": 6,
            "INVESTIGATION_ID": 1,
            "STUDY": Object {
              "ID": 7,
              "PID": "study pid",
            },
            "STUDY_ID": 7,
          },
        ],
        "SUMMARY": "foo bar",
        "TITLE": "Test 1",
        "VISIT_ID": "1",
      },
    ]
  }
  detailsPanel={[Function]}
  loadMoreRows={[Function]}
  loading={false}
  onCheck={[Function]}
  onSort={[Function]}
  onUncheck={[Function]}
  selectedRows={Array []}
  sort={Object {}}
  totalRowCount={0}
/>
`;

exports[`Investigation Search Table component renders title, visit ID, RB number and DOI as links 1`] = `
<WithStyles(ForwardRef(Link))
  component={
    Object {
      "$$typeof": Symbol(react.forward_ref),
      "displayName": "Link",
      "propTypes": Object {
        "innerRef": [Function],
        "onClick": [Function],
        "replace": [Function],
        "target": [Function],
        "to": [Function],
      },
      "render": [Function],
    }
  }
  to="/browse/investigation/1/dataset"
>
  <ForwardRef(Link)
    classes={
      Object {
        "button": "MuiLink-button",
        "focusVisible": "Mui-focusVisible",
        "root": "MuiLink-root",
        "underlineAlways": "MuiLink-underlineAlways",
        "underlineHover": "MuiLink-underlineHover",
        "underlineNone": "MuiLink-underlineNone",
      }
    }
    component={
      Object {
        "$$typeof": Symbol(react.forward_ref),
        "displayName": "Link",
        "propTypes": Object {
          "innerRef": [Function],
          "onClick": [Function],
          "replace": [Function],
          "target": [Function],
          "to": [Function],
        },
        "render": [Function],
      }
    }
    to="/browse/investigation/1/dataset"
  >
    <WithStyles(ForwardRef(Typography))
      className="MuiLink-root MuiLink-underlineHover"
      color="primary"
      component={
        Object {
          "$$typeof": Symbol(react.forward_ref),
          "displayName": "Link",
          "propTypes": Object {
            "innerRef": [Function],
            "onClick": [Function],
            "replace": [Function],
            "target": [Function],
            "to": [Function],
          },
          "render": [Function],
        }
      }
      onBlur={[Function]}
      onFocus={[Function]}
      to="/browse/investigation/1/dataset"
      variant="inherit"
    >
      <ForwardRef(Typography)
        className="MuiLink-root MuiLink-underlineHover"
        classes={
          Object {
            "alignCenter": "MuiTypography-alignCenter",
            "alignJustify": "MuiTypography-alignJustify",
            "alignLeft": "MuiTypography-alignLeft",
            "alignRight": "MuiTypography-alignRight",
            "body1": "MuiTypography-body1",
            "body2": "MuiTypography-body2",
            "button": "MuiTypography-button",
            "caption": "MuiTypography-caption",
            "colorError": "MuiTypography-colorError",
            "colorInherit": "MuiTypography-colorInherit",
            "colorPrimary": "MuiTypography-colorPrimary",
            "colorSecondary": "MuiTypography-colorSecondary",
            "colorTextPrimary": "MuiTypography-colorTextPrimary",
            "colorTextSecondary": "MuiTypography-colorTextSecondary",
            "displayBlock": "MuiTypography-displayBlock",
            "displayInline": "MuiTypography-displayInline",
            "gutterBottom": "MuiTypography-gutterBottom",
            "h1": "MuiTypography-h1",
            "h2": "MuiTypography-h2",
            "h3": "MuiTypography-h3",
            "h4": "MuiTypography-h4",
            "h5": "MuiTypography-h5",
            "h6": "MuiTypography-h6",
            "noWrap": "MuiTypography-noWrap",
            "overline": "MuiTypography-overline",
            "paragraph": "MuiTypography-paragraph",
            "root": "MuiTypography-root",
            "srOnly": "MuiTypography-srOnly",
            "subtitle1": "MuiTypography-subtitle1",
            "subtitle2": "MuiTypography-subtitle2",
          }
        }
        color="primary"
        component={
          Object {
            "$$typeof": Symbol(react.forward_ref),
            "displayName": "Link",
            "propTypes": Object {
              "innerRef": [Function],
              "onClick": [Function],
              "replace": [Function],
              "target": [Function],
              "to": [Function],
            },
            "render": [Function],
          }
        }
        onBlur={[Function]}
        onFocus={[Function]}
        to="/browse/investigation/1/dataset"
        variant="inherit"
      >
        <Link
          className="MuiTypography-root MuiLink-root MuiLink-underlineHover MuiTypography-colorPrimary"
          onBlur={[Function]}
          onFocus={[Function]}
          to="/browse/investigation/1/dataset"
        >
          <LinkAnchor
            className="MuiTypography-root MuiLink-root MuiLink-underlineHover MuiTypography-colorPrimary"
            href="/browse/investigation/1/dataset"
            navigate={[Function]}
            onBlur={[Function]}
            onFocus={[Function]}
          >
            <a
              className="MuiTypography-root MuiLink-root MuiLink-underlineHover MuiTypography-colorPrimary"
              href="/browse/investigation/1/dataset"
              onBlur={[Function]}
              onClick={[Function]}
              onFocus={[Function]}
            >
              Test 1
            </a>
          </LinkAnchor>
        </Link>
      </ForwardRef(Typography)>
    </WithStyles(ForwardRef(Typography))>
  </ForwardRef(Link)>
</WithStyles(ForwardRef(Link))>
`;

exports[`Investigation Search Table component renders title, visit ID, RB number and DOI as links 2`] = `null`;

exports[`Investigation Search Table component renders title, visit ID, RB number and DOI as links 3`] = `null`;

exports[`Investigation Search Table component renders title, visit ID, RB number and DOI as links 4`] = `null`;
