// Jest Snapshot v1, https://goo.gl/fbAQLP

exports[`ISIS FacilityCycles table component renders correctly 1`] = `
<div
  style={
    Object {
      "height": 0,
      "overflow": "visible",
      "width": 0,
    }
  }
>
  <InfiniteLoader
    isRowLoaded={[Function]}
    loadMoreRows={[Function]}
    minimumBatchSize={25}
    rowCount={1}
    threshold={15}
  >
    <Component />
  </InfiniteLoader>
</div>
`;

exports[`ISIS FacilityCycles table component renders facilitycycle name as a link 1`] = `null`;
