// Jest Snapshot v1, https://goo.gl/fbAQLP

exports[`ISIS datafiles table component renders correctly 1`] = `
<div
  className="MuiPaper-root MuiPaper-elevation1 MuiPaper-rounded"
  style={
    Object {
      "height": "calc(100vh - 64px)",
      "width": "100%",
    }
  }
>
  <WithStyles(VirtualizedTable)
    actions={
      Array [
        [Function],
      ]
    }
    columns={
      Array [
        Object {
          "dataKey": "NAME",
          "filterComponent": [Function],
          "label": "Name",
        },
        Object {
          "dataKey": "LOCATION",
          "filterComponent": [Function],
          "label": "Location",
        },
        Object {
          "cellContentRenderer": [Function],
          "dataKey": "FILESIZE",
          "filterComponent": [Function],
          "label": "Size",
        },
        Object {
          "dataKey": "MOD_TIME",
          "filterComponent": [Function],
          "label": "Modified Time",
        },
      ]
    }
    data={
      Array [
        Object {
          "CREATE_TIME": "2019-07-23",
          "DATASET_ID": 1,
          "FILESIZE": 1,
          "ID": 1,
          "LOCATION": "/test1",
          "NAME": "Test 1",
        },
      ]
    }
    detailsPanel={[Function]}
    loadMoreRows={[Function]}
    onSort={[Function]}
    sort={Object {}}
    totalRowCount={0}
  />
</div>
`;

exports[`ISIS datafiles table component renders details panel correctly and it sends off an FetchDatasetDetails action 1`] = `
<div>
  <WithStyles(ForwardRef(Tabs))
    aria-label="datafile-details-tabs"
    onChange={[Function]}
    value="details"
  >
    <WithStyles(ForwardRef(Tab))
      aria-controls="datafile-details-panel"
      id="datafile-details-tab"
      label="Datafile Details"
      value="details"
    />
  </WithStyles(ForwardRef(Tabs))>
  <div
    aria-labelledby="datafile-details-tab"
    hidden={false}
    id="datafile-details-panel"
    role="tabpanel"
  >
    <WithStyles(ForwardRef(Typography))
      variant="body2"
    >
      <b>
        Name:
      </b>
       
      Test 1
    </WithStyles(ForwardRef(Typography))>
    <WithStyles(ForwardRef(Typography))
      variant="body2"
    >
      <b>
        Description:
      </b>
       
    </WithStyles(ForwardRef(Typography))>
    <WithStyles(ForwardRef(Typography))
      variant="body2"
    >
      <b>
        Location:
      </b>
       
      /test1
    </WithStyles(ForwardRef(Typography))>
  </div>
</div>
`;
